00080000 A DRAM_BST_START
000804e8 T __postreloc_ram_start
000804e8 T start_post_relocate
000804f4 T nand_load_bld
00080538 t nand_jump_to_bld
00080548 t do_nand_bld
0008055c t nand_512
00080580 t nand_2k
00080598 t done_size_setup
000805b0 t set_6bit_ecc
000805c8 t set_8bit_ecc
000805dc t done_ecc
000805e4 t start_load_bld
00080610 t nand_load_block_loop
00080620 t start_loading_good_block
00080638 t nand_load_next_block
00080640 t nand_check_block
00080650 t nand_check_block_loop
00080680 t nand_load_block
000806ac t _controlreg_main_area
000806b4 t _controlreg_spare_area
000806bc t _done_controlreg
000806f4 t _dma_fifo_dsm_done
0008070c t set_main_dma_burst
00080718 t set_spare_dma_burst
00080720 t done_set_dma_burst
00080724 t flash_no_fixup
00080734 t set_main_fiodma_burst
00080740 t set_spare_fiodma_burst
00080748 t set_fiodma_dsm_burst
00080760 t done_set_fiodma_burst
00080764 t _wait_nand_cmd_done
00080774 t _wait_nand_fiodma_done
00080790 t _wait_nand_dma_done
000807bc t eot_nand
000807c0 t RT_NAND_BYTES_PER_BLOCK
000807c4 t RT_NAND_CONTROL
000807c8 t RT_FIO_DSM_BUFFER
000807cc t NAND_BB_MARKER_OFFSET_RAM
000807d0 t FIO_CTR_MAIN
000807d4 t DMA_CHANX_CTR
000807d8 t FIO_DMACTR
000807dc t RT_NAND_ECC_BITS
00080804 T __postreloc_ram_end
00090000 A DRAM_TO_BOOT
ffff0000 A BOOT_BST_START
ffff0004 t chipname
ffff000c t version
ffff0010 d dram_delay1_param
ffff0010 d dram_params_table
ffff0014 d dram_cfg_param
ffff0018 d dram_timing1_param
ffff001c d dram_timing2_param
ffff0020 d dram_timing3_param
ffff0024 d por_delay_param
ffff0028 d dram_mode_reg0_param
ffff0028 d modereg_reset_lpddr2_param
ffff002c d dram_mode_reg1_param
ffff0030 d dram_mode_reg2_param
ffff0034 d dram_mode_reg3_param
ffff0034 d reset_delay_lpddr2_param
ffff0038 d dram_self_ref_param
ffff003c d dram_dqs_sync
ffff0040 d dram_pad_term
ffff0044 d dram_zq_calibration
ffff0048 d dram_delay2_param
ffff004c d pll_ddr_ctrl_param
ffff0050 d pll_ddr_ctrl2_param
ffff0054 d pll_ddr_ctrl3_param
ffff0058 d dram_dll0_param
ffff005c d dram_dll1_param
ffff0060 d dram_dll2_param
ffff0064 d dram_dll3_param
ffff0068 d dram_ctrl_sel_0_param
ffff006c d dram_ctrl_sel_1_param
ffff0070 d dram_ctrl_sel_2_param
ffff0074 d dram_ctrl_sel_3_param
ffff0078 d dram_ctrl_sel_misc_param
ffff007c d dram_byte_map
ffff0080 d dram_dqs_sync_prertt
ffff0084 d dram_zq_calibration_prertt
ffff0088 d dram_delay3_param
ffff008c d dram_rsvd_space
ffff0090 d pll_program_delay
ffff0094 d dll_program_delay
ffff0098 d cg_ddr_init_param
ffff009c d cg_ddr_normal_param
ffff00a0 d dll_reset_delay
ffff00a4 D amboot_bld_ram_start
ffff00a8 D amboot_bld_media_start
ffff00ac D amboot_bld_media_size
ffff00b0 D nand_flash_timing0
ffff00b4 D nand_flash_timing1
ffff00b8 D nand_flash_timing2
ffff00bc D nand_flash_timing3
ffff00c0 D nand_flash_timing4
ffff00c4 D nand_flash_timing5
ffff00c8 D pll_core_ctrl_param
ffff00cc D pll_idsp_ctrl_param
ffff00d0 D pll_cortex_ctrl_param
ffff00d4 D pll_cortex_frac_param
ffff00d8 D scaler_misc
ffff00dc D mcu_notify_gpio
ffff00e0 d end_dram_table
ffff00e0 T memsetup
ffff00e0 D __table_end
ffff00e6 t self_refresh_check
ffff00ec t sr_check_mcu
ffff0110 t sr_check_mcu_exit
ffff0110 t sr_check_pwc
ffff0142 t disconnect_dram_reset
ffff015c t set_rct_pll
ffff015c t sr_check_exit
ffff01c2 t setup_dram_dll
ffff0270 t issue_zqcl_cmd
ffff02a6 t set_dram_mode
ffff02b4 t set_init_ctl
ffff02cc T rct_delay_proc
ffff02d4 t rct_timer_read
ffff02dc T loop_delay_proc
ffff02e4 T rct_pll_set_value
ffff0314 T start
ffff03d0 t relocate
ffff03e0 t relocate_2ndstage
ffff03fc t dram_arbiter_cfg
ffff045c t copy_loop
ffff04b0 T self_refresh_jump
ffff04e0 t sr_jump_exit
ffff04e8 A __postreloc_start
ffff0804 A __postreloc_end
