00080000 A DRAM_BST_START
00080520 T __postreloc_ram_start
00080520 T start_post_relocate
0008052c T nand_load_bld
00080570 t nand_jump_to_bld
00080580 t do_nand_bld
00080594 t nand_512
000805b8 t nand_2k
000805d0 t done_size_setup
000805e8 t set_6bit_ecc
00080600 t set_8bit_ecc
00080614 t done_ecc
0008061c t start_load_bld
00080648 t nand_load_block_loop
00080658 t start_loading_good_block
00080670 t nand_load_next_block
00080678 t nand_check_block
00080688 t nand_check_block_loop
000806b8 t nand_load_block
000806e4 t _controlreg_main_area
000806ec t _controlreg_spare_area
000806f4 t _done_controlreg
0008072c t _dma_fifo_dsm_done
00080744 t set_main_dma_burst
00080750 t set_spare_dma_burst
00080758 t done_set_dma_burst
0008075c t flash_no_fixup
0008076c t set_main_fiodma_burst
00080778 t set_spare_fiodma_burst
00080780 t set_fiodma_dsm_burst
00080798 t done_set_fiodma_burst
0008079c t _wait_nand_cmd_done
000807ac t _wait_nand_fiodma_done
000807c8 t _wait_nand_dma_done
000807f4 t eot_nand
000807f8 t RT_NAND_BYTES_PER_BLOCK
000807fc t RT_NAND_CONTROL
00080800 t RT_FIO_DSM_BUFFER
00080804 t NAND_BB_MARKER_OFFSET_RAM
00080808 t FIO_CTR_MAIN
0008080c t DMA_CHANX_CTR
00080810 t FIO_DMACTR
00080814 t RT_NAND_ECC_BITS
0008083c T __postreloc_ram_end
00090000 A DRAM_TO_BOOT
ffff0000 A BOOT_BST_START
ffff0004 t chipname
ffff000c t version
ffff0010 d dram_delay1_param
ffff0010 d dram_params_table
ffff0014 d dram_cfg_param
ffff0018 d dram_timing1_param
ffff001c d dram_timing2_param
ffff0020 d dram_timing3_param
ffff0024 d por_delay_param
ffff0028 d dram_mode_reg0_param
ffff0028 d modereg_reset_lpddr2_param
ffff002c d dram_mode_reg1_param
ffff0030 d dram_mode_reg2_param
ffff0034 d dram_mode_reg3_param
ffff0034 d reset_delay_lpddr2_param
ffff0038 d dram_self_ref_param
ffff003c d dram_dqs_sync
ffff0040 d dram_pad_term
ffff0044 d dram_zq_calibration
ffff0048 d dram_delay2_param
ffff004c d pll_ddr_ctrl_param
ffff0050 d pll_ddr_ctrl2_param
ffff0054 d pll_ddr_ctrl3_param
ffff0058 d dram_dll0_param
ffff005c d dram_dll1_param
ffff0060 d dram_dll2_param
ffff0064 d dram_dll3_param
ffff0068 d dram_ctrl_sel_0_param
ffff006c d dram_ctrl_sel_1_param
ffff0070 d dram_ctrl_sel_2_param
ffff0074 d dram_ctrl_sel_3_param
ffff0078 d dram_ctrl_sel_misc_param
ffff007c d dram_byte_map
ffff0080 d dram_dqs_sync_prertt
ffff0084 d dram_zq_calibration_prertt
ffff0088 d dram_delay3_param
ffff008c d dram_rsvd_space
ffff0090 d pll_program_delay
ffff0094 d dll_program_delay
ffff0098 d cg_ddr_init_param
ffff009c d cg_ddr_normal_param
ffff00a0 d dll_reset_delay
ffff00a4 D amboot_bld_ram_start
ffff00a8 D amboot_bld_media_start
ffff00ac D amboot_bld_media_size
ffff00b0 D nand_flash_timing0
ffff00b4 D nand_flash_timing1
ffff00b8 D nand_flash_timing2
ffff00bc D nand_flash_timing3
ffff00c0 D nand_flash_timing4
ffff00c4 D nand_flash_timing5
ffff00c8 D pll_core_ctrl_param
ffff00cc D pll_idsp_ctrl_param
ffff00d0 D pll_cortex_ctrl_param
ffff00d4 D pll_cortex_frac_param
ffff00d8 D scaler_misc
ffff00dc D mcu_notify_gpio
ffff00e0 d end_dram_table
ffff00e0 T memsetup
ffff00e0 D __table_end
ffff00e6 t self_refresh_check
ffff011e t disconnect_dram_reset
ffff0138 t set_rct_pll
ffff0138 t sr_check_exit
ffff019e t setup_dram_dll
ffff02c6 t LOOP_MR0
ffff02d2 t set_dram_mode
ffff02e0 t set_init_ctl
ffff0304 T rct_delay_proc
ffff030c t rct_timer_read
ffff0314 T loop_delay_proc
ffff031c T rct_pll_set_value
ffff034c T start
ffff0408 t relocate
ffff0418 t relocate_2ndstage
ffff0434 t dram_arbiter_cfg
ffff0494 t copy_loop
ffff04e8 T self_refresh_jump
ffff0518 t sr_jump_exit
ffff0520 A __postreloc_start
ffff083c A __postreloc_end
