00080000 A DRAM_BST_START
00080528 T __postreloc_ram_start
00080528 T start_post_relocate
00080534 T spinor_load_bld
0008053c t spinor_jump_to_bld
00080548 t do_spinor_bld
000805bc t read_spinor_loop
000805f8 T __postreloc_ram_end
20050000 A DRAM_TO_BOOT
e0030000 A BOOT_BST_START
e0030004 t chipname
e003000c t version
e0030010 d dram_delay1_param
e0030010 d dram_params_table
e0030014 d dram_cfg_param
e0030018 d dram_timing1_param
e003001c d dram_timing2_param
e0030020 d dram_timing3_param
e0030024 d por_delay_param
e0030028 d dram_mode_reg0_param
e0030028 d modereg_reset_lpddr2_param
e003002c d dram_mode_reg1_param
e0030030 d dram_mode_reg2_param
e0030034 d dram_mode_reg3_param
e0030034 d reset_delay_lpddr2_param
e0030038 d dram_self_ref_param
e003003c d dram_dqs_sync
e0030040 d dram_pad_term
e0030044 d dram_zq_calibration
e0030048 d dram_delay2_param
e003004c d pll_ddr_ctrl_param
e0030050 d pll_ddr_ctrl2_param
e0030054 d pll_ddr_ctrl3_param
e0030058 d dram_dll0_param
e003005c d dram_dll1_param
e0030060 d dram_dll2_param
e0030064 d dram_dll3_param
e0030068 d dram_ctrl_sel_0_param
e003006c d dram_ctrl_sel_1_param
e0030070 d dram_ctrl_sel_2_param
e0030074 d dram_ctrl_sel_3_param
e0030078 d dram_ctrl_sel_misc_param
e003007c d dram_byte_map
e0030080 d dram_dqs_sync_prertt
e0030084 d dram_zq_calibration_prertt
e0030088 d dram_delay3_param
e003008c d dram_rsvd_space
e0030090 d pll_program_delay
e0030094 d dll_program_delay
e0030098 d cg_ddr_init_param
e003009c d cg_ddr_normal_param
e00300a0 d dll_reset_delay
e00300a4 D amboot_bld_ram_start
e00300a8 D amboot_bld_media_start
e00300ac D amboot_bld_media_size
e00300b0 D nand_flash_timing0
e00300b4 D nand_flash_timing1
e00300b8 D nand_flash_timing2
e00300bc D nand_flash_timing3
e00300c0 D nand_flash_timing4
e00300c4 D nand_flash_timing5
e00300c8 D pll_core_ctrl_param
e00300cc D pll_idsp_ctrl_param
e00300d0 D pll_cortex_ctrl_param
e00300d4 D pll_cortex_frac_param
e00300d8 D scaler_misc
e00300dc d end_dram_table
e00300dc T memsetup
e00300dc D __table_end
e00300e2 t self_refresh_check
e003010e t disconnect_dram_reset
e0030128 t set_rct_pll
e0030128 t sr_check_exit
e003017e t setup_dram_dll
e003028c t LOOP_MR0
e0030298 t set_dram_mode
e00302a4 t set_init_ctl
e003030c T rct_delay_proc
e0030312 t rct_timer_read
e003031a T loop_delay_proc
e0030322 T rct_pll_set_value
e0030354 T start
e0030410 t relocate
e0030420 t relocate_2ndstage
e003043c t dram_arbiter_cfg
e003049c t copy_loop
e00304f0 T self_refresh_jump
e0030520 t sr_jump_exit
e0030528 A __postreloc_start
e00305f8 A __postreloc_end
